// Jest Snapshot v1, https://goo.gl/fbAQLP

exports[`<SectionTitle /> snapshot testing 1`] = `
<DocumentFragment>
  <p
    class="SectionTitle-sc-1jv5d6w-0 fkPjFP"
  >
    Title
  </p>
</DocumentFragment>
`;
